../Core/Src/main.c:80:6:HAL_ADC_ConvCpltCallback	16	static
../Core/Src/main.c:88:6:HAL_ADC_ConvHalfCpltCallback	16	static
../Core/Src/main.c:96:13:SendCaptureBuffer	16	static
../Core/Src/main.c:116:5:main	24	static
../Core/Src/main.c:190:6:SystemClock_Config	96	static
../Core/Src/main.c:240:13:MX_ADC1_Init	32	static
../Core/Src/main.c:281:13:MX_TIM2_Init	40	static
../Core/Src/main.c:316:13:MX_USART2_UART_Init	8	static
../Core/Src/main.c:337:13:MX_DMA_Init	16	static
../Core/Src/main.c:350:13:MX_GPIO_Init	40	static
../Core/Src/main.c:371:6:Error_Handler	4	static,ignoring_inline_asm
